
Memory Configuration

Name             Origin             Length             Attributes
*default*        0x00000000         0xffffffff

Linker script and memory map

LOAD build/jtag.o
LOAD build/framebuffer.o
LOAD build/draw.o
LOAD build/write.o
LOAD build/snes.o
LOAD build/main.o

.init           0x00008000        0x4
 *(.init)
 .init          0x00008000        0x4 build/main.o
                0x00008000                _start

.data           0x00009080   0x1a95d0
 *(.data)
 .data          0x00009080        0x0 build/jtag.o
 .data          0x00009080       0x70 build/framebuffer.o
                0x000090e0                FrameBufferPointer
 .data          0x000090f0        0x2 build/draw.o
 *fill*         0x000090f2        0xe 3f3f3f3f
 .data          0x00009100      0x800 build/write.o
 .data          0x00009900        0x0 build/snes.o
 .data          0x00009900   0x1a8d50 build/main.o
 *.c.o(*)

.igot.plt       0x001b2650        0x0
 .igot.plt      0x00000000        0x0 build/jtag.o

.text           0x001b2650      0x544
 *.c.o(.text)
 *(.text)
 .text          0x001b2650       0x8c build/jtag.o
                0x001b2650                EnableJTAG
 .text          0x001b26dc       0x80 build/framebuffer.o
                0x001b26dc                InitFrameBuffer
 .text          0x001b275c      0x110 build/draw.o
                0x001b275c                clearScreen
                0x001b2780                drawBlock
                0x001b27cc                drawImage
                0x001b282c                DrawPixel
 .text          0x001b286c       0x88 build/write.o
                0x001b286c                drawString
 .text          0x001b28f4      0x1e8 build/snes.o
                0x001b28f4                Set_Lines
                0x001b297c                Read_Data
                0x001b29f0                Check_Buttons
 .text          0x001b2adc       0xb8 build/main.o
                0x001b2b4c                printImage
OUTPUT(build/output.elf elf32-littlearm)

.glue_7         0x001b2b94        0x0
 .glue_7        0x00000000        0x0 linker stubs

.glue_7t        0x001b2b94        0x0
 .glue_7t       0x00000000        0x0 linker stubs

.vfp11_veneer   0x001b2b94        0x0
 .vfp11_veneer  0x00000000        0x0 linker stubs

.v4_bx          0x001b2b94        0x0
 .v4_bx         0x00000000        0x0 linker stubs

.iplt           0x001b2b94        0x0
 .iplt          0x00000000        0x0 build/jtag.o

.rel.dyn        0x001b2b94        0x0
 .rel.iplt      0x00000000        0x0 build/jtag.o

.bss            0x001b2b94        0x0
 .bss           0x001b2b94        0x0 build/jtag.o
 .bss           0x001b2b94        0x0 build/framebuffer.o
 .bss           0x001b2b94        0x0 build/draw.o
 .bss           0x001b2b94        0x0 build/write.o
 .bss           0x001b2b94        0x0 build/snes.o
 .bss           0x001b2b94        0x0 build/main.o

.ARM.attributes
                0x00000000       0x29
 .ARM.attributes
                0x00000000       0x29 build/jtag.o
 .ARM.attributes
                0x00000029       0x29 build/framebuffer.o
 .ARM.attributes
                0x00000052       0x29 build/draw.o
 .ARM.attributes
                0x0000007b       0x29 build/write.o
 .ARM.attributes
                0x000000a4       0x29 build/snes.o
 .ARM.attributes
                0x000000cd       0x29 build/main.o

.debug_line     0x00000000      0x2fb
 .debug_line    0x00000000       0x61 build/jtag.o
 .debug_line    0x00000061       0x67 build/framebuffer.o
 .debug_line    0x000000c8       0x86 build/draw.o
 .debug_line    0x0000014e       0x63 build/write.o
 .debug_line    0x000001b1       0xca build/snes.o
 .debug_line    0x0000027b       0x80 build/main.o

.debug_info     0x00000000      0x2aa
 .debug_info    0x00000000       0x71 build/jtag.o
 .debug_info    0x00000071       0x78 build/framebuffer.o
 .debug_info    0x000000e9       0x71 build/draw.o
 .debug_info    0x0000015a       0x72 build/write.o
 .debug_info    0x000001cc       0x71 build/snes.o
 .debug_info    0x0000023d       0x6d build/main.o

.debug_abbrev   0x00000000       0x76
 .debug_abbrev  0x00000000       0x14 build/jtag.o
 .debug_abbrev  0x00000014       0x14 build/framebuffer.o
 .debug_abbrev  0x00000028       0x14 build/draw.o
 .debug_abbrev  0x0000003c       0x14 build/write.o
 .debug_abbrev  0x00000050       0x14 build/snes.o
 .debug_abbrev  0x00000064       0x12 build/main.o

.debug_aranges  0x00000000       0xc8
 .debug_aranges
                0x00000000       0x20 build/jtag.o
 .debug_aranges
                0x00000020       0x20 build/framebuffer.o
 .debug_aranges
                0x00000040       0x20 build/draw.o
 .debug_aranges
                0x00000060       0x20 build/write.o
 .debug_aranges
                0x00000080       0x20 build/snes.o
 .debug_aranges
                0x000000a0       0x28 build/main.o

.debug_ranges   0x00000000       0x20
 .debug_ranges  0x00000000       0x20 build/main.o
