
Memory Configuration

Name             Origin             Length             Attributes
*default*        0x00000000         0xffffffff

Linker script and memory map

LOAD build/jtag.o
LOAD build/framebuffer.o
LOAD build/blockinsert.o
LOAD build/draw.o
LOAD build/write.o
LOAD build/snes.o
LOAD build/main.o

.init           0x00008000        0x4
 *(.init)
 .init          0x00008000        0x4 build/main.o
                0x00008000                _start

.data           0x00009080    0x27cf0
 *(.data)
 .data          0x00009080        0x0 build/jtag.o
 .data          0x00009080       0x70 build/framebuffer.o
                0x000090e0                FrameBufferPointer
 .data          0x000090f0        0x0 build/blockinsert.o
 .data          0x000090f0        0x2 build/draw.o
 *fill*         0x000090f2        0xe 3f3f3f3f
 .data          0x00009100      0x800 build/write.o
 .data          0x00009900        0x0 build/snes.o
 .data          0x00009900    0x27470 build/main.o
                0x00009900                game_block
                0x0000ac88                i_block
                0x0000ac88                start_screen
                0x0000ac88                game_over_screen
                0x0000cc88                i_block_black
                0x0000ec88                s_block_green
                0x00011c88                s_block_green_black
                0x00014c88                s_block_red
                0x00017c88                s_block_red_black
                0x0001ac88                o_block_yellow
                0x0001cc88                o_block_yellow_black
                0x0001ec88                w_block
                0x00021c88                w_block_black
                0x00024c88                l_block_blue
                0x00027c88                l_block_blue_black
                0x0002ac88                l_block_orange
                0x0002dc88                l_block_orange_black
                0x00030c88                gameState
                0x00030d50                currentBlock1
                0x00030d51                currentBlock2
                0x00030d52                currentBlock3
                0x00030d53                currentBlock4
                0x00030d54                currentBorders
                0x00030d58                currentBlockImage
                0x00030d5c                currentBlockImageBlack
                0x00030d60                currentBlockSizeX
                0x00030d61                currentBlockSizeY
                0x00030d62                currentBlockLeftOffset
                0x00030d63                currentBlockWidth
                0x00030d64                topLeftBlock
 *.c.o(*)

.igot.plt       0x00030d70        0x0
 .igot.plt      0x00000000        0x0 build/jtag.o

.text           0x00030d70     0x1690
 *.c.o(.text)
 *(.text)
 .text          0x00030d70       0x8c build/jtag.o
                0x00030d70                EnableJTAG
 .text          0x00030dfc       0x80 build/framebuffer.o
                0x00030dfc                InitFrameBuffer
 .text          0x00030e7c      0x97c build/blockinsert.o
                0x00030e7c                insertNewIBeam
                0x00030fcc                insertNewSBeam
                0x00031118                insertNewSRBeam
                0x00031264                insertNewOBeam
                0x000313ac                insertNewWBeam
                0x000314f8                insertNewLBBeam
                0x00031644                insertNewLOBeam
 .text          0x000317f8      0x274 build/draw.o
                0x000317f8                clearScreen
                0x00031824                drawBlock
                0x00031888                drawImage
                0x000318f0                clearLineScreen
                0x0003195c                drawCurrentScore
                0x00031a08                DrawPixel
                0x00031a40                GetPixel
 .text          0x00031a6c       0x88 build/write.o
                0x00031a6c                drawString
 .text          0x00031af4      0x21c build/snes.o
                0x00031af4                Set_Lines
                0x00031b84                Read_Data
                0x00031c00                Check_Buttons
                0x00031c9c                Wait
 .text          0x00031d10      0x6f0 build/main.o
                0x000320f8                xorShift
                0x000323ac                quitProgram
OUTPUT(build/output.elf elf32-littlearm)

.glue_7         0x00032400        0x0
 .glue_7        0x00000000        0x0 linker stubs

.glue_7t        0x00032400        0x0
 .glue_7t       0x00000000        0x0 linker stubs

.vfp11_veneer   0x00032400        0x0
 .vfp11_veneer  0x00000000        0x0 linker stubs

.v4_bx          0x00032400        0x0
 .v4_bx         0x00000000        0x0 linker stubs

.iplt           0x00032400        0x0
 .iplt          0x00000000        0x0 build/jtag.o

.rel.dyn        0x00032400        0x0
 .rel.iplt      0x00000000        0x0 build/jtag.o

.bss            0x00032400        0x0
 .bss           0x00032400        0x0 build/jtag.o
 .bss           0x00032400        0x0 build/framebuffer.o
 .bss           0x00032400        0x0 build/blockinsert.o
 .bss           0x00032400        0x0 build/draw.o
 .bss           0x00032400        0x0 build/write.o
 .bss           0x00032400        0x0 build/snes.o
 .bss           0x00032400        0x0 build/main.o

.ARM.attributes
                0x00000000       0x29
 .ARM.attributes
                0x00000000       0x29 build/jtag.o
 .ARM.attributes
                0x00000029       0x29 build/framebuffer.o
 .ARM.attributes
                0x00000052       0x29 build/blockinsert.o
 .ARM.attributes
                0x0000007b       0x29 build/draw.o
 .ARM.attributes
                0x000000a4       0x29 build/write.o
 .ARM.attributes
                0x000000cd       0x29 build/snes.o
 .ARM.attributes
                0x000000f6       0x29 build/main.o

.debug_line     0x00000000      0x7f4
 .debug_line    0x00000000       0x61 build/jtag.o
 .debug_line    0x00000061       0x67 build/framebuffer.o
 .debug_line    0x000000c8      0x2c7 build/blockinsert.o
 .debug_line    0x0000038f       0xef build/draw.o
 .debug_line    0x0000047e       0x63 build/write.o
 .debug_line    0x000004e1       0xd7 build/snes.o
 .debug_line    0x000005b8      0x23c build/main.o

.debug_info     0x00000000      0x2ec
 .debug_info    0x00000000       0x5f build/jtag.o
 .debug_info    0x0000005f       0x66 build/framebuffer.o
 .debug_info    0x000000c5       0x78 build/blockinsert.o
 .debug_info    0x0000013d       0x71 build/draw.o
 .debug_info    0x000001ae       0x60 build/write.o
 .debug_info    0x0000020e       0x71 build/snes.o
 .debug_info    0x0000027f       0x6d build/main.o

.debug_abbrev   0x00000000       0x8a
 .debug_abbrev  0x00000000       0x14 build/jtag.o
 .debug_abbrev  0x00000014       0x14 build/framebuffer.o
 .debug_abbrev  0x00000028       0x14 build/blockinsert.o
 .debug_abbrev  0x0000003c       0x14 build/draw.o
 .debug_abbrev  0x00000050       0x14 build/write.o
 .debug_abbrev  0x00000064       0x14 build/snes.o
 .debug_abbrev  0x00000078       0x12 build/main.o

.debug_aranges  0x00000000       0xe8
 .debug_aranges
                0x00000000       0x20 build/jtag.o
 .debug_aranges
                0x00000020       0x20 build/framebuffer.o
 .debug_aranges
                0x00000040       0x20 build/blockinsert.o
 .debug_aranges
                0x00000060       0x20 build/draw.o
 .debug_aranges
                0x00000080       0x20 build/write.o
 .debug_aranges
                0x000000a0       0x20 build/snes.o
 .debug_aranges
                0x000000c0       0x28 build/main.o

.debug_ranges   0x00000000       0x20
 .debug_ranges  0x00000000       0x20 build/main.o
