
Memory Configuration

Name             Origin             Length             Attributes
*default*        0x00000000         0xffffffff

Linker script and memory map

LOAD build/jtag.o
LOAD build/framebuffer.o
LOAD build/draw.o
LOAD build/write.o
LOAD build/snes.o
LOAD build/main.o

.init           0x00008000        0x4
 *(.init)
 .init          0x00008000        0x4 build/main.o
                0x00008000                _start

.data           0x00009080    0x27cf8
 *(.data)
 .data          0x00009080        0x0 build/jtag.o
 .data          0x00009080       0x70 build/framebuffer.o
                0x000090e0                FrameBufferPointer
 .data          0x000090f0        0x2 build/draw.o
 *fill*         0x000090f2        0xe 3f3f3f3f
 .data          0x00009100      0x800 build/write.o
 .data          0x00009900        0x0 build/snes.o
 .data          0x00009900    0x27478 build/main.o
 *.c.o(*)

.igot.plt       0x00030d78        0x0
 .igot.plt      0x00000000        0x0 build/jtag.o

.text           0x00030d78     0x1504
 *.c.o(.text)
 *(.text)
 .text          0x00030d78       0x8c build/jtag.o
                0x00030d78                EnableJTAG
 .text          0x00030e04       0x80 build/framebuffer.o
                0x00030e04                InitFrameBuffer
 .text          0x00030e84      0x1a4 build/draw.o
                0x00030e84                clearScreen
                0x00030ea8                drawBlock
                0x00030ef4                drawImage
                0x00030f58                clearLineScreen
                0x00030fc8                DrawPixel
                0x00031000                GetPixel
 .text          0x00031028       0x88 build/write.o
                0x00031028                drawString
 .text          0x000310b0      0x1e8 build/snes.o
                0x000310b0                Set_Lines
                0x00031138                Read_Data
                0x000311ac                Check_Buttons
                0x00031230                Wait
 .text          0x00031298      0xfe4 build/main.o
OUTPUT(build/output.elf elf32-littlearm)

.glue_7         0x0003227c        0x0
 .glue_7        0x00000000        0x0 linker stubs

.glue_7t        0x0003227c        0x0
 .glue_7t       0x00000000        0x0 linker stubs

.vfp11_veneer   0x0003227c        0x0
 .vfp11_veneer  0x00000000        0x0 linker stubs

.v4_bx          0x0003227c        0x0
 .v4_bx         0x00000000        0x0 linker stubs

.iplt           0x0003227c        0x0
 .iplt          0x00000000        0x0 build/jtag.o

.rel.dyn        0x0003227c        0x0
 .rel.iplt      0x00000000        0x0 build/jtag.o

.bss            0x0003227c        0x0
 .bss           0x0003227c        0x0 build/jtag.o
 .bss           0x0003227c        0x0 build/framebuffer.o
 .bss           0x0003227c        0x0 build/draw.o
 .bss           0x0003227c        0x0 build/write.o
 .bss           0x0003227c        0x0 build/snes.o
 .bss           0x0003227c        0x0 build/main.o

.ARM.attributes
                0x00000000       0x29
 .ARM.attributes
                0x00000000       0x29 build/jtag.o
 .ARM.attributes
                0x00000029       0x29 build/framebuffer.o
 .ARM.attributes
                0x00000052       0x29 build/draw.o
 .ARM.attributes
                0x0000007b       0x29 build/write.o
 .ARM.attributes
                0x000000a4       0x29 build/snes.o
 .ARM.attributes
                0x000000cd       0x29 build/main.o

.debug_line     0x00000000      0x733
 .debug_line    0x00000000       0x61 build/jtag.o
 .debug_line    0x00000061       0x67 build/framebuffer.o
 .debug_line    0x000000c8       0xad build/draw.o
 .debug_line    0x00000175       0x63 build/write.o
 .debug_line    0x000001d8       0xca build/snes.o
 .debug_line    0x000002a2      0x491 build/main.o

.debug_info     0x00000000      0x262
 .debug_info    0x00000000       0x5f build/jtag.o
 .debug_info    0x0000005f       0x66 build/framebuffer.o
 .debug_info    0x000000c5       0x71 build/draw.o
 .debug_info    0x00000136       0x60 build/write.o
 .debug_info    0x00000196       0x5f build/snes.o
 .debug_info    0x000001f5       0x6d build/main.o

.debug_abbrev   0x00000000       0x76
 .debug_abbrev  0x00000000       0x14 build/jtag.o
 .debug_abbrev  0x00000014       0x14 build/framebuffer.o
 .debug_abbrev  0x00000028       0x14 build/draw.o
 .debug_abbrev  0x0000003c       0x14 build/write.o
 .debug_abbrev  0x00000050       0x14 build/snes.o
 .debug_abbrev  0x00000064       0x12 build/main.o

.debug_aranges  0x00000000       0xc8
 .debug_aranges
                0x00000000       0x20 build/jtag.o
 .debug_aranges
                0x00000020       0x20 build/framebuffer.o
 .debug_aranges
                0x00000040       0x20 build/draw.o
 .debug_aranges
                0x00000060       0x20 build/write.o
 .debug_aranges
                0x00000080       0x20 build/snes.o
 .debug_aranges
                0x000000a0       0x28 build/main.o

.debug_ranges   0x00000000       0x20
 .debug_ranges  0x00000000       0x20 build/main.o
