
Memory Configuration

Name             Origin             Length             Attributes
*default*        0x00000000         0xffffffff

Linker script and memory map

LOAD build/main.o
LOAD build/jtag.o
LOAD build/framebuffer.o
LOAD build/draw.o
LOAD build/write.o

.init           0x00008000        0x4
 *(.init)
 .init          0x00008000        0x4 build/main.o
                0x00008000                _start

.data           0x00009080   0x1a95d0
 *(.data)
 .data          0x00009080   0x1a8d4e build/main.o
 .data          0x001b1dce        0x0 build/jtag.o
 *fill*         0x001b1dce        0x2 3f3f3f3f
 .data          0x001b1dd0       0x70 build/framebuffer.o
                0x001b1e30                FrameBufferPointer
 .data          0x001b1e40        0x2 build/draw.o
 *fill*         0x001b1e42        0xe 3f3f3f3f
 .data          0x001b1e50      0x800 build/write.o
 *.c.o(*)

.igot.plt       0x001b2650        0x0
 .igot.plt      0x00000000        0x0 build/main.o

.text           0x001b2650      0x2f4
 *.c.o(.text)
 *(.text)
 .text          0x001b2650       0x70 build/main.o
 .text          0x001b26c0       0x8c build/jtag.o
                0x001b26c0                EnableJTAG
 .text          0x001b274c       0x80 build/framebuffer.o
                0x001b274c                InitFrameBuffer
 .text          0x001b27cc       0xf0 build/draw.o
                0x001b27cc                clearScreen
                0x001b2814                drawImage
                0x001b2874                DrawPixel
 .text          0x001b28bc       0x88 build/write.o
                0x001b28bc                drawString
OUTPUT(build/output.elf elf32-littlearm)

.glue_7         0x001b2944        0x0
 .glue_7        0x00000000        0x0 linker stubs

.glue_7t        0x001b2944        0x0
 .glue_7t       0x00000000        0x0 linker stubs

.vfp11_veneer   0x001b2944        0x0
 .vfp11_veneer  0x00000000        0x0 linker stubs

.v4_bx          0x001b2944        0x0
 .v4_bx         0x00000000        0x0 linker stubs

.iplt           0x001b2944        0x0
 .iplt          0x00000000        0x0 build/main.o

.rel.dyn        0x001b2944        0x0
 .rel.iplt      0x00000000        0x0 build/main.o

.bss            0x001b2944        0x0
 .bss           0x001b2944        0x0 build/main.o
 .bss           0x001b2944        0x0 build/jtag.o
 .bss           0x001b2944        0x0 build/framebuffer.o
 .bss           0x001b2944        0x0 build/draw.o
 .bss           0x001b2944        0x0 build/write.o

.ARM.attributes
                0x00000000       0x29
 .ARM.attributes
                0x00000000       0x29 build/main.o
 .ARM.attributes
                0x00000029       0x29 build/jtag.o
 .ARM.attributes
                0x00000052       0x29 build/framebuffer.o
 .ARM.attributes
                0x0000007b       0x29 build/draw.o
 .ARM.attributes
                0x000000a4       0x29 build/write.o

.debug_line     0x00000000      0x20e
 .debug_line    0x00000000       0x69 build/main.o
 .debug_line    0x00000069       0x61 build/jtag.o
 .debug_line    0x000000ca       0x67 build/framebuffer.o
 .debug_line    0x00000131       0x7a build/draw.o
 .debug_line    0x000001ab       0x63 build/write.o

.debug_info     0x00000000      0x261
 .debug_info    0x00000000       0x75 build/main.o
 .debug_info    0x00000075       0x79 build/jtag.o
 .debug_info    0x000000ee       0x80 build/framebuffer.o
 .debug_info    0x0000016e       0x79 build/draw.o
 .debug_info    0x000001e7       0x7a build/write.o

.debug_abbrev   0x00000000       0x62
 .debug_abbrev  0x00000000       0x12 build/main.o
 .debug_abbrev  0x00000012       0x14 build/jtag.o
 .debug_abbrev  0x00000026       0x14 build/framebuffer.o
 .debug_abbrev  0x0000003a       0x14 build/draw.o
 .debug_abbrev  0x0000004e       0x14 build/write.o

.debug_aranges  0x00000000       0xa8
 .debug_aranges
                0x00000000       0x28 build/main.o
 .debug_aranges
                0x00000028       0x20 build/jtag.o
 .debug_aranges
                0x00000048       0x20 build/framebuffer.o
 .debug_aranges
                0x00000068       0x20 build/draw.o
 .debug_aranges
                0x00000088       0x20 build/write.o

.debug_ranges   0x00000000       0x20
 .debug_ranges  0x00000000       0x20 build/main.o
