
Memory Configuration

Name             Origin             Length             Attributes
*default*        0x00000000         0xffffffff

Linker script and memory map

LOAD build/startmenu.o
LOAD build/block5rotate.o
LOAD build/blockrotate.o
LOAD build/block0rotate.o
LOAD build/jtag.o
LOAD build/framebuffer.o
LOAD build/blockinsert.o
LOAD build/block6rotate.o
LOAD build/draw.o
LOAD build/write.o
LOAD build/snes.o
LOAD build/block4rotate.o
LOAD build/main.o
LOAD build/block2rotate.o
LOAD build/block1rotate.o
LOAD build/drawblock.o
LOAD build/mainmenu.o
LOAD build/blockmove.o

.init           0x00008000        0x4
 *(.init)
 .init          0x00008000        0x4 build/main.o
                0x00008000                _start

.data           0x00009080   0x701319
 *(.data)
 .data          0x00009080    0x4e201 build/startmenu.o
 .data          0x00057281        0x0 build/block5rotate.o
 .data          0x00057281        0x0 build/blockrotate.o
 .data          0x00057281        0x0 build/block0rotate.o
 .data          0x00057281        0x0 build/jtag.o
 *fill*         0x00057281        0xf 3f3f3f3f
 .data          0x00057290       0x70 build/framebuffer.o
                0x000572f0                FrameBufferPointer
 .data          0x00057300        0x0 build/blockinsert.o
 .data          0x00057300        0x0 build/block6rotate.o
 .data          0x00057300        0x2 build/draw.o
 *fill*         0x00057302        0xe 3f3f3f3f
 .data          0x00057310      0x800 build/write.o
 .data          0x00057b10        0x0 build/snes.o
 .data          0x00057b10        0x0 build/block4rotate.o
 .data          0x00057b10   0x66d478 build/main.o
                0x00057b10                game_block
                0x00058e98                start_screen
                0x001d8e98                game_area
                0x00358e98                game_over_screen
                0x004d8e98                game_won
                0x00658e98                i_block
                0x0065ae98                i_block_black
                0x0065ce98                i_block_B
                0x0065ee98                i_block_black_B
                0x00660e98                s_block_green
                0x00663e98                s_block_green_black
                0x00666e98                s_block_green_B
                0x00669e98                s_block_g_b_B
                0x0066ce98                s_block_red
                0x0066fe98                s_block_red_black
                0x00672e98                s_block_red_B
                0x00675e98                s_block_red_black_B
                0x00678e98                o_block_yellow
                0x0067ae98                o_block_yellow_black
                0x0067ce98                w_block
                0x0067fe98                w_block_black
                0x00682e98                w_block_B
                0x00685e98                w_block_black_B
                0x00688e98                w_block_C
                0x0068be98                w_block_black_C
                0x0068ee98                w_block_D
                0x00691e98                w_block_black_D
                0x00694e98                l_block_blue
                0x00697e98                l_block_blue_black
                0x0069ae98                l_block_blue_B
                0x0069de98                l_block_blue_black_B
                0x006a0e98                l_block_blue_C
                0x006a3e98                l_block_blue_black_C
                0x006a6e98                l_block_blue_D
                0x006a9e98                l_block_blue_black_D
                0x006ace98                l_block_orange
                0x006afe98                l_block_orange_black
                0x006b2e98                l_block_orange_B
                0x006b5e98                l_block_orange_black_B
                0x006b8e98                l_block_orange_C
                0x006bbe98                l_block_orange_black_C
                0x006bee98                l_block_orange_D
                0x006c1e98                l_block_orange_black_D
                0x006c4e98                gameState
                0x006c4f60                currentBlock1
                0x006c4f61                currentBlock2
                0x006c4f62                currentBlock3
                0x006c4f63                currentBlock4
                0x006c4f64                currentBorders
                0x006c4f68                currentLeftBorders
                0x006c4f6c                currentRightBorders
                0x006c4f70                currentBlockImage
                0x006c4f74                currentBlockImageBlack
                0x006c4f78                currentBlockSizeX
                0x006c4f79                currentBlockSizeY
                0x006c4f7a                currentBlockLeftOffset
                0x006c4f7b                currentBlockWidth
                0x006c4f7c                currentBlockType
                0x006c4f7d                currentBlockRotation
 .data          0x006c4f88        0x0 build/block2rotate.o
 .data          0x006c4f88        0x0 build/block1rotate.o
 .data          0x006c4f88    0x1b9b8 build/drawblock.o
 .data          0x006e0940    0x29a59 build/mainmenu.o
 .data          0x0070a399        0x0 build/blockmove.o
 *.c.o(*)

.igot.plt       0x0070a39c        0x0
 .igot.plt      0x00000000        0x0 build/startmenu.o

.text           0x0070a39c     0x60c8
 *.c.o(.text)
 *(.text)
 .text          0x0070a39c      0x104 build/startmenu.o
                0x0070a39c                runStartMenu
 .text          0x0070a4a0      0xa48 build/block5rotate.o
                0x0070a4a0                rotate5_AB
                0x0070a718                rotate5_BC
                0x0070a998                rotate5_CD
                0x0070ac10                rotate5_DA
 .text          0x0070aee8      0x388 build/blockrotate.o
                0x0070aee8                rotateBlock
                0x0070af6c                checkIfDifferentLine
                0x0070afd0                checkIfTwentyDiff
 .text          0x0070b270      0xa40 build/block0rotate.o
                0x0070b270                rotate0_AB
                0x0070b4fc                rotate0_BC
                0x0070b76c                rotate0_CD
                0x0070b9f0                rotate0_DA
 .text          0x0070bcb0       0x8c build/jtag.o
                0x0070bcb0                EnableJTAG
 .text          0x0070bd3c       0x80 build/framebuffer.o
                0x0070bd3c                InitFrameBuffer
 .text          0x0070bdbc      0xc9c build/blockinsert.o
                0x0070bdbc                insertNewIBeam
                0x0070bf78                insertNewSBeam
                0x0070c138                insertNewSRBeam
                0x0070c2f4                insertNewOBeam
                0x0070c4ac                insertNewWBeam
                0x0070c668                insertNewLBBeam
                0x0070c824                insertNewLOBeam
 .text          0x0070ca58      0xa38 build/block6rotate.o
                0x0070ca58                rotate6_AB
                0x0070ccd8                rotate6_BC
                0x0070cf54                rotate6_CD
                0x0070d1c4                rotate6_DA
 .text          0x0070d490      0x2b0 build/draw.o
                0x0070d490                clearScreen
                0x0070d4bc                drawBlock
                0x0070d520                drawImage
                0x0070d588                clearLineScreen
                0x0070d5f8                drawCurrentScore
                0x0070d6bc                DrawPixel
                0x0070d6f4                GetPixel
 .text          0x0070d740       0x88 build/write.o
                0x0070d740                drawString
 .text          0x0070d7c8      0x2a4 build/snes.o
                0x0070d7c8                WaitAndCheckSNES
                0x0070d84c                Set_Lines
                0x0070d8dc                Read_Data
                0x0070d95c                Check_Buttons
                0x0070d9f8                Wait
 .text          0x0070da6c      0x7f4 build/block4rotate.o
                0x0070da6c                rotate4_AB
                0x0070dc68                rotate4_BC
                0x0070de3c                rotate4_CD
                0x0070e034                rotate4_DA
 .text          0x0070e260      0x73c build/main.o
                0x0070e280                InsertNewBlock
                0x0070e52c                drawCurrentBlock
                0x0070e59c                eraseCurrentBlock
                0x0070e60c                xorShift
                0x0070e710                drawIntroScreen
                0x0070e73c                drawGameArea
                0x0070e7c0                resetGameState
                0x0070e914                quitProgram
                0x0070e91c                playerWon
                0x0070e924                playerLost
 .text          0x0070e99c      0x940 build/block2rotate.o
                0x0070e99c                rotate2_AB
                0x0070ebe0                rotate2_BC
                0x0070ee1c                rotate2_CD
                0x0070f058                rotate2_DA
 .text          0x0070f2dc      0x93c build/block1rotate.o
                0x0070f2dc                rotate1_AB
                0x0070f518                rotate1_BC
                0x0070f758                rotate1_CD
                0x0070f990                rotate1_DA
 .text          0x0070fc18      0x114 build/drawblock.o
                0x0070fc18                drawSquareBlock
 .text          0x0070fd2c      0x298 build/mainmenu.o
                0x0070fd2c                runMainMenu
                0x0070fe50                restoreCurrentGame
                0x0070ff20                drawSquare
 .text          0x0070ffc4      0x4a0 build/blockmove.o
                0x0070ffc4                moveCurrentBlock
OUTPUT(build/output.elf elf32-littlearm)

.glue_7         0x00710464        0x0
 .glue_7        0x00000000        0x0 linker stubs

.glue_7t        0x00710464        0x0
 .glue_7t       0x00000000        0x0 linker stubs

.vfp11_veneer   0x00710464        0x0
 .vfp11_veneer  0x00000000        0x0 linker stubs

.v4_bx          0x00710464        0x0
 .v4_bx         0x00000000        0x0 linker stubs

.iplt           0x00710464        0x0
 .iplt          0x00000000        0x0 build/startmenu.o

.rel.dyn        0x00710464        0x0
 .rel.iplt      0x00000000        0x0 build/startmenu.o

.bss            0x00710464        0x0
 .bss           0x00710464        0x0 build/startmenu.o
 .bss           0x00710464        0x0 build/block5rotate.o
 .bss           0x00710464        0x0 build/blockrotate.o
 .bss           0x00710464        0x0 build/block0rotate.o
 .bss           0x00710464        0x0 build/jtag.o
 .bss           0x00710464        0x0 build/framebuffer.o
 .bss           0x00710464        0x0 build/blockinsert.o
 .bss           0x00710464        0x0 build/block6rotate.o
 .bss           0x00710464        0x0 build/draw.o
 .bss           0x00710464        0x0 build/write.o
 .bss           0x00710464        0x0 build/snes.o
 .bss           0x00710464        0x0 build/block4rotate.o
 .bss           0x00710464        0x0 build/main.o
 .bss           0x00710464        0x0 build/block2rotate.o
 .bss           0x00710464        0x0 build/block1rotate.o
 .bss           0x00710464        0x0 build/drawblock.o
 .bss           0x00710464        0x0 build/mainmenu.o
 .bss           0x00710464        0x0 build/blockmove.o

.ARM.attributes
                0x00000000       0x29
 .ARM.attributes
                0x00000000       0x29 build/startmenu.o
 .ARM.attributes
                0x00000029       0x29 build/block5rotate.o
 .ARM.attributes
                0x00000052       0x29 build/blockrotate.o
 .ARM.attributes
                0x0000007b       0x29 build/block0rotate.o
 .ARM.attributes
                0x000000a4       0x29 build/jtag.o
 .ARM.attributes
                0x000000cd       0x29 build/framebuffer.o
 .ARM.attributes
                0x000000f6       0x29 build/blockinsert.o
 .ARM.attributes
                0x0000011f       0x29 build/block6rotate.o
 .ARM.attributes
                0x00000148       0x29 build/draw.o
 .ARM.attributes
                0x00000171       0x29 build/write.o
 .ARM.attributes
                0x0000019a       0x29 build/snes.o
 .ARM.attributes
                0x000001c3       0x29 build/block4rotate.o
 .ARM.attributes
                0x000001ec       0x29 build/main.o
 .ARM.attributes
                0x00000215       0x29 build/block2rotate.o
 .ARM.attributes
                0x0000023e       0x29 build/block1rotate.o
 .ARM.attributes
                0x00000267       0x29 build/drawblock.o
 .ARM.attributes
                0x00000290       0x29 build/mainmenu.o
 .ARM.attributes
                0x000002b9       0x29 build/blockmove.o

.debug_line     0x00000000     0x1ea3
 .debug_line    0x00000000       0x8f build/startmenu.o
 .debug_line    0x0000008f      0x300 build/block5rotate.o
 .debug_line    0x0000038f      0x137 build/blockrotate.o
 .debug_line    0x000004c6      0x2f8 build/block0rotate.o
 .debug_line    0x000007be       0x61 build/jtag.o
 .debug_line    0x0000081f       0x67 build/framebuffer.o
 .debug_line    0x00000886      0x395 build/blockinsert.o
 .debug_line    0x00000c1b      0x2fc build/block6rotate.o
 .debug_line    0x00000f17      0x103 build/draw.o
 .debug_line    0x0000101a       0x63 build/write.o
 .debug_line    0x0000107d       0xfb build/snes.o
 .debug_line    0x00001178      0x269 build/block4rotate.o
 .debug_line    0x000013e1      0x255 build/main.o
 .debug_line    0x00001636      0x2b6 build/block2rotate.o
 .debug_line    0x000018ec      0x2b5 build/block1rotate.o
 .debug_line    0x00001ba1       0x8b build/drawblock.o
 .debug_line    0x00001c2c       0xf9 build/mainmenu.o
 .debug_line    0x00001d25      0x17e build/blockmove.o

.debug_info     0x00000000      0x703
 .debug_info    0x00000000       0x64 build/startmenu.o
 .debug_info    0x00000064       0x67 build/block5rotate.o
 .debug_info    0x000000cb       0x66 build/blockrotate.o
 .debug_info    0x00000131       0x67 build/block0rotate.o
 .debug_info    0x00000198       0x5f build/jtag.o
 .debug_info    0x000001f7       0x66 build/framebuffer.o
 .debug_info    0x0000025d       0x66 build/blockinsert.o
 .debug_info    0x000002c3       0x67 build/block6rotate.o
 .debug_info    0x0000032a       0x5f build/draw.o
 .debug_info    0x00000389       0x60 build/write.o
 .debug_info    0x000003e9       0x5f build/snes.o
 .debug_info    0x00000448       0x67 build/block4rotate.o
 .debug_info    0x000004af       0x5b build/main.o
 .debug_info    0x0000050a       0x67 build/block2rotate.o
 .debug_info    0x00000571       0x67 build/block1rotate.o
 .debug_info    0x000005d8       0x64 build/drawblock.o
 .debug_info    0x0000063c       0x63 build/mainmenu.o
 .debug_info    0x0000069f       0x64 build/blockmove.o

.debug_abbrev   0x00000000      0x166
 .debug_abbrev  0x00000000       0x14 build/startmenu.o
 .debug_abbrev  0x00000014       0x14 build/block5rotate.o
 .debug_abbrev  0x00000028       0x14 build/blockrotate.o
 .debug_abbrev  0x0000003c       0x14 build/block0rotate.o
 .debug_abbrev  0x00000050       0x14 build/jtag.o
 .debug_abbrev  0x00000064       0x14 build/framebuffer.o
 .debug_abbrev  0x00000078       0x14 build/blockinsert.o
 .debug_abbrev  0x0000008c       0x14 build/block6rotate.o
 .debug_abbrev  0x000000a0       0x14 build/draw.o
 .debug_abbrev  0x000000b4       0x14 build/write.o
 .debug_abbrev  0x000000c8       0x14 build/snes.o
 .debug_abbrev  0x000000dc       0x14 build/block4rotate.o
 .debug_abbrev  0x000000f0       0x12 build/main.o
 .debug_abbrev  0x00000102       0x14 build/block2rotate.o
 .debug_abbrev  0x00000116       0x14 build/block1rotate.o
 .debug_abbrev  0x0000012a       0x14 build/drawblock.o
 .debug_abbrev  0x0000013e       0x14 build/mainmenu.o
 .debug_abbrev  0x00000152       0x14 build/blockmove.o

.debug_aranges  0x00000000      0x248
 .debug_aranges
                0x00000000       0x20 build/startmenu.o
 .debug_aranges
                0x00000020       0x20 build/block5rotate.o
 .debug_aranges
                0x00000040       0x20 build/blockrotate.o
 .debug_aranges
                0x00000060       0x20 build/block0rotate.o
 .debug_aranges
                0x00000080       0x20 build/jtag.o
 .debug_aranges
                0x000000a0       0x20 build/framebuffer.o
 .debug_aranges
                0x000000c0       0x20 build/blockinsert.o
 .debug_aranges
                0x000000e0       0x20 build/block6rotate.o
 .debug_aranges
                0x00000100       0x20 build/draw.o
 .debug_aranges
                0x00000120       0x20 build/write.o
 .debug_aranges
                0x00000140       0x20 build/snes.o
 .debug_aranges
                0x00000160       0x20 build/block4rotate.o
 .debug_aranges
                0x00000180       0x28 build/main.o
 .debug_aranges
                0x000001a8       0x20 build/block2rotate.o
 .debug_aranges
                0x000001c8       0x20 build/block1rotate.o
 .debug_aranges
                0x000001e8       0x20 build/drawblock.o
 .debug_aranges
                0x00000208       0x20 build/mainmenu.o
 .debug_aranges
                0x00000228       0x20 build/blockmove.o

.debug_ranges   0x00000000       0x20
 .debug_ranges  0x00000000       0x20 build/main.o
